[2025-09-07 15:40:54.745] ���Hello Trenz Module(TE0950) (Loop: 102)                                                         
[2025-09-07 15:40:54.745] Hello Trenz Module(TE0950) (Loop: 103)                                                            
[2025-09-07 15:40:54.745] Hello Trenz Module(TE0950) (Loop: 104)                                                            
[2025-09-07 15:40:54.745] Hello Trenz Module(TE0950) (Loop: 105)                                                            
[2025-09-07 15:40:54.745] Hello Trenz Module(TE0950) (Loop: 106)                                                            
[2025-09-07 15:40:54.745] Hello Trenz Module(TE0950) (Loop: 107)                                                            
[2025-09-07 15:40:54.746] Hello Trenz Module(TE0950) (Loop: 108)                                                            
[2025-09-07 15:40:54.746] Hello Trenz Module(TE0950) (Loop: 109)                                                            
[2025-09-07 15:40:54.746] Hello Trenz Module(TE0950) (Loop: 110)                                                            
[2025-09-07 15:40:54.747] Hello Trenz Module(TE0950) (Loop: 111)                                                            
[2025-09-07 15:40:54.747] Hello Trenz Module(TE0950) (Loop: 112)                                                            
[2025-09-07 15:40:54.747] Hello Trenz Module(TE0950) (Loop: 113)                                                            
[2025-09-07 15:40:54.747] Hello Trenz Module(TE0950) (Loop: 114)                                                            
[2025-09-07 15:40:54.747] Hello Trenz Module(TE0950) (Loop: 115)                                                            
[2025-09-07 15:40:54.747] Hello Trenz Module(TE0950) (Loop: 116)                                                            
[2025-09-07 15:40:54.747] Hello Trenz Module(TE0950) (Loop: 117)                                                            
[2025-09-07 15:40:54.747] Hello Trenz Module(TE0950) (Loop: 118)                                                            
[2025-09-07 15:40:54.747] Hello Trenz Module(TE0950) (Loop: 119)                                                            
[2025-09-07 15:40:54.748] Hello Trenz Module(TE0950) (Loop: 120)                                                            
[2025-09-07 15:40:54.748] [  201.431788] ttyAMA ttyAMA0: 1 input overrun(s)                                                 
[2025-09-07 15:40:54.748]                                                                                                   
[2025-09-07 15:40:54.748] root@Trenz:~# [0.020]****************************************                                     
[2025-09-07 15:40:54.748] [0.061]Xilinx Versal Platform Loader and Manager                                                  
[2025-09-07 15:40:54.748] [0.105]Release 2023.2   Sep  6 2025  -  15:34:16                                                  
[2025-09-07 15:40:54.748] [0.150]Platform Version: v2.0 PMC: v2.0, PS: v2.0                                                 
[2025-09-07 15:40:54.748] [0.202]BOOTMODE: 0x5, MULTIBOOT: 0xF0000000                                                       
[2025-09-07 15:40:54.748] [0.246]****************************************                                                   
[2025-09-07 15:40:54.748] [0.515]Non Secure Boot                                                                            
[2025-09-07 15:40:54.748] [4.248]PLM Initialization Time                                                                    
[2025-09-07 15:40:54.748] [4.284]***********Boot PDI Load: Started***********                                               
[2025-09-07 15:40:54.748] [4.334]Loading PDI from SD1                                                                       
[2025-09-07 15:40:54.750] [4.367]Monolithic/Master Device                                                                   
[2025-09-07 15:40:54.750] [288.286]283.941 ms: PDI initialization time                                                      
[2025-09-07 15:40:54.750] [288.337]+++Loading Image#: 0x1, Name: lpd, Id: 0x04210002                                        
[2025-09-07 15:40:54.750] [288.398]---Loading Partition#: 0x1, Id: 0xC                                                      
[2025-09-07 15:40:54.750] [341.460] 53.002 ms for Partition#: 0x1, Size: 10096 Bytes                                        
[2025-09-07 15:40:54.750] [346.298]---Loading Partition#: 0x2, Id: 0x0                                                      
[2025-09-07 15:40:54.750] [358.146] 8.062 ms for Partition#: 0x2, Size: 55232 Bytes                                         
[2025-09-07 15:40:54.750] PSM Firmware version: 2024.2 [Build: Apr 23 2025 07:50:54 ]                                       
[2025-09-07 15:40:54.750] [365.407]+++Loading Image#: 0x2, Name: pl_cfi, Id: 0x18700000                                     
[2025-09-07 15:40:54.750] [370.551]---Loading Partition#: 0x3, Id: 0x3                                                      
[2025-09-07 15:40:54.750] [709.818] 335.478 ms for Partition#: 0x3, Size: 2380032 Bytes                                     
[2025-09-07 15:40:54.750] [712.291]---Loading Partition#: 0x4, Id: 0x5                                                      
[2025-09-07 15:40:54.750] [806.006] 89.928 ms for Partition#: 0x4, Size: 444336 Bytes                                       
[2025-09-07 15:40:54.751] [808.327]+++Loading Image#: 0x3, Name: fpd, Id: 0x0420C003                                        
[2025-09-07 15:40:54.751] [813.242]---Loading Partition#: 0x5, Id: 0x8                                                      
[2025-09-07 15:40:54.751] [819.079] 2.050 ms for Partition#: 0x5, Size: 4528 Bytes                                          
[2025-09-07 15:40:54.751] [822.151]+++Loading Image#: 0x4, Name: apu_subsystem, Id: 0x1C000000                              
[2025-09-07 15:40:54.751] [827.538]---Loading Partition#: 0x6, Id: 0x0                                                      
[2025-09-07 15:40:54.751] [840.128] 8.802 ms for Partition#: 0x6, Size: 67632 Bytes                                         
[2025-09-07 15:40:54.751] [842.271]---Loading Partition#: 0x7, Id: 0x0                                                      
[2025-09-07 15:40:54.751] [992.585] 146.526 ms for Partition#: 0x7, Size: 1202208 Bytes                                     
[2025-09-07 15:40:54.751] [995.059]---Loading Partition#: 0x8, Id: 0x0                                                      
[2025-09-07 15:40:54.751] [1005.750] 6.904 ms for Partition#: 0x8, Size: 44304 Bytes                                        
[2025-09-07 15:40:54.751] [1008.036]***********Boot PDI Load: Done***********                                               
[2025-09-07 15:40:54.752] [1012.341]128.134 ms: ROM Time                                                                    
[2025-09-07 15:40:54.752] [1014.961]Total PLM Boot Time                                                                     
[2025-09-07 15:40:54.752] INFO:    BL31: Early console setup                                                                
[2025-09-07 15:40:54.752] NOTICE:  TF-A running on SILICON 0                                                                
[2025-09-07 15:40:54.752] [1023.530]ATF_ADDR: 0xFFFF0830, 0x0                                                               
[2025-09-07 15:40:54.752] [1026.552]ATF_VALUE: 0x584E4C58                                                                   
[2025-09-07 15:40:54.752] [1029.263]ATF_VALUE: 0x0                                                                          
[2025-09-07 15:40:54.752] [1031.400]ATF_VALUE: 0x0                                                                          
[2025-09-07 15:40:54.752] [1033.537]ATF_VALUE: 0x0                                                                          
[2025-09-07 15:40:54.752] [1035.675]ATF_VALUE: 0xF0254C18                                                                   
[2025-09-07 15:40:54.752] [1038.387]ATF_VALUE: 0xF0254E78                                                                   
[2025-09-07 15:40:54.752] [1041.099]ATF_VALUE: 0xF02551B8                                                                   
[2025-09-07 15:40:54.752] [1043.812]ATF_VALUE: 0x0                                                                          
[2025-09-07 15:40:54.752] [1045.949]ATF_VALUE: 0x0                                                                          
[2025-09-07 15:40:54.752] [1048.086]ATF_VALUE: 0x0                                                                          
[2025-09-07 15:40:54.753] [1050.223]ATF_VALUE: 0x0                                                                          
[2025-09-07 15:40:54.753] [1052.361]ATF_VALUE: 0x0                                                                          
[2025-09-07 15:40:54.753] [1054.498]ATF_VALUE: 0x0                                                                          
[2025-09-07 15:40:54.753] [1056.636]ATF_VALUE: 0xF62B0000                                                                   
[2025-09-07 15:40:54.753] [1059.349]ATF_VALUE: 0x0                                                                          
[2025-09-07 15:40:54.753] [1061.486]ATF_VALUE: 0xF6352000                                                                   
[2025-09-07 15:40:54.753] [1064.199]ATF_VALUE: 0x0                                                                          
[2025-09-07 15:40:54.753] [1066.337]ATF_VALUE: 0x0                                                                          
[2025-09-07 15:40:54.753] [1068.474]ATF_VALUE: 0x0                                                                          
[2025-09-07 15:40:54.753] [1070.612]ATF_VALUE: 0xF0257648                                                                   
[2025-09-07 15:40:54.753] [1073.324]ATF_VALUE: 0xF02578B8                                                                   
[2025-09-07 15:40:54.753] [1076.037]ATF_VALUE: 0xF0257B28                                                                   
[2025-09-07 15:40:54.753] [1078.749]ATF_VALUE: 0xF02559C8                                                                   
[2025-09-07 15:40:54.753] [1081.462]ATF_VALUE: 0xF02560F4                                                                   
[2025-09-07 15:40:54.754] INFO:    BL31: GET_HANDOFF_PARAMS call success=0                                                  
[2025-09-07 15:40:54.754] INFO:    BL31: PLM to TF-A handover success 0                                                     
[2025-09-07 15:40:54.754] NOTICE:  BL31: Secure code at 0x0                                                                 
[2025-09-07 15:40:54.754] NOTICE:  BL31: Non secure code at 0x8000000                                                       
[2025-09-07 15:40:54.754] NOTICE:  BL31: v2.10.0  (debug):xlnx_rebase_v2.10_2024.1-27-g14cea4616-dirty                      
[2025-09-07 15:40:54.754] NOTICE:  BL31: Built : 04:42:28, Sep 19 2024                                                      
[2025-09-07 15:40:54.754] INFO:    GICv3 with legacy support detected.                                                      
[2025-09-07 15:40:54.754] INFO:    ARM GICv3 driver initialized in EL3                                                      
[2025-09-07 15:40:54.755] INFO:    Maximum SPI INTID supported: 191                                                         
[2025-09-07 15:40:54.755] INFO:    BL31: Initializing runtime services                                                      
[2025-09-07 15:40:54.755] INFO:    BL31: cortex_a72: CPU workaround for erratum 859971 was applied                          
[2025-09-07 15:40:54.755] INFO:    BL31: cortex_a72: CPU workaround for erratum 1319367 was applied                         
[2025-09-07 15:40:54.756] INFO:    BL31: cortex_a72: CPU workaround for CVE 2017_5715 was applied                           
[2025-09-07 15:40:54.756] INFO:    BL31: cortex_a72: CPU workaround for CVE 2018_3639 was applied                           
[2025-09-07 15:40:54.756] INFO:    BL31: cortex_a72: CPU workaround for CVE 2022_23960 was applied                          
[2025-09-07 15:40:54.757] INFO:    BL31: Preparing for EL3 exit to normal world                                             
[2025-09-07 15:40:54.757] INFO:    Entry point address = 0x8000000                                                          
[2025-09-07 15:40:54.757] INFO:    SPSR = 0x3c9                                                                             
[2025-09-07 15:40:54.758]                                                                                                   
[2025-09-07 15:40:54.758]                                                                                                   
[2025-09-07 15:40:54.758] U-Boot 2024.01 (Oct 24 2024 - 10:42:51 +0000)                                                     
[2025-09-07 15:40:54.759]                                                                                                   
[2025-09-07 15:40:54.759] CPU:   Versal                                                                                     
[2025-09-07 15:40:54.759] Silicon: v2                                                                                       
[2025-09-07 15:40:54.759] Chip:  v2                                                                                         
[2025-09-07 15:40:54.759] Model: Xilinx Versal                                                                              
[2025-09-07 15:40:54.759] DRAM:  2 GiB (effective 8 GiB)                                                                    
[2025-09-07 15:40:54.759] EL Level:       EL2                                                                               
[2025-09-07 15:40:54.760] Core:  46 devices, 23 uclasses, devicetree: board                                                 
[2025-09-07 15:40:54.760] MMC:   mmc@f1040000: 0, mmc@f1050000: 1                                                           
[2025-09-07 15:40:54.760] Loading Environment from FAT... Unable to use mmc 0:0...                                          
[2025-09-07 15:40:54.761] In:    serial@ff010000                                                                            
[2025-09-07 15:40:54.761] Out:   serial@ff010000                                                                            
[2025-09-07 15:40:54.761] Err:   serial@ff010000                                                                            
[2025-09-07 15:40:54.761] Bootmode: SD_MODE1                                                                                
[2025-09-07 15:40:54.761] Net:                                                                                              
[2025-09-07 15:40:54.761] ZYNQ GEM: ff0c0000, mdio bus ff0c0000, phyaddr 1, interface rgmii-id                              
[2025-09-07 15:40:54.762] eth0: ethernet@ff0c0000                                                                           
[2025-09-07 15:40:54.762] Hit any key to stop autoboot:  0                                                                  
[2025-09-07 15:40:54.762] switch to partitions #0, OK                                                                       
[2025-09-07 15:40:54.762] mmc1 is current device                                                                            
[2025-09-07 15:40:54.762] Scanning mmc 1:1...                                                                               
[2025-09-07 15:40:54.762] Found U-Boot script /boot.scr                                                                     
[2025-09-07 15:40:54.762] 2477 bytes read in 15 ms (161.1 KiB/s)                                                            
[2025-09-07 15:40:54.762] ## Executing script at 20000000                                                                   
[2025-09-07 15:40:54.762] [TE_BOOT-00] Automatically generated Trenz Electronic Boot Source file with setup def             
[2025-09-07 15:40:54.762] [TE_BOOT-00] Boot Source Script File creation date: 2025_04_23 07_48_11                           
[2025-09-07 15:40:54.762] [TE_BOOT-01] Trenz Boot-file version 1.1 (development)                                            
[2025-09-07 15:40:54.762] [TE_BOOT-10] Found boot.scr in device: mmc1                                                       
[2025-09-07 15:40:54.762] [TE_BOOT-11] Chosen Bootmode is from boot_targets=mmc1 jtag mmc0 mmc1 xspi0 usb0 pxe dhcp         
[2025-09-07 15:40:54.763] [TE_BOOT-11] Use RAM Address 0x10000000 for linux image                                           
[2025-09-07 15:40:54.763] [TE_BOOT-21] boot_target is mmc1. Found image.ub on mmc1:1                                        
[2025-09-07 15:40:54.763] 89978995 bytes read in 7567 ms (11.3 MiB/s)                                                       
[2025-09-07 15:40:54.763] ## Loading kernel from FIT Image at 10000000 ...                                                  
[2025-09-07 15:40:54.763]    Using 'conf-system-top.dtb' configuration                                                      
[2025-09-07 15:40:54.763]    Trying 'kernel-1' kernel subimage                                                              
[2025-09-07 15:40:54.763]      Description:  Linux kernel                                                                   
[2025-09-07 15:40:54.763]      Type:         Kernel Image                                                                   
[2025-09-07 15:40:54.764]      Compression:  gzip compressed                                                                
[2025-09-07 15:40:54.764]      Data Start:   0x100000f4                                                                     
[2025-09-07 15:40:54.764]      Data Size:    10639720 Bytes = 10.1 MiB                                                      
[2025-09-07 15:40:54.764]      Architecture: AArch64                                                                        
[2025-09-07 15:40:54.764]      OS:           Linux                                                                          
[2025-09-07 15:40:54.764]      Load Address: 0x00200000                                                                     
[2025-09-07 15:40:54.764]      Entry Point:  0x00200000                                                                     
[2025-09-07 15:40:54.764]      Hash algo:    sha256                                                                         
[2025-09-07 15:40:54.764]      Hash value:   f5d5642ec83e479625ec63ce2535dcc0c3dcb0221fc5b313ea56b805f13889f4               
[2025-09-07 15:40:54.764]    Verifying Hash Integrity ... sha256+ OK                                                        
[2025-09-07 15:40:54.764] ## Loading ramdisk from FIT Image at 10000000 ...                                                 
[2025-09-07 15:40:54.765]    Using 'conf-system-top.dtb' configuration                                                      
[2025-09-07 15:40:54.765]    Trying 'ramdisk-1' ramdisk subimage                                                            
[2025-09-07 15:40:54.765]      Description:  petalinux-image-minimal                                                        
[2025-09-07 15:40:54.765]      Type:         RAMDisk Image                                                                  
[2025-09-07 15:40:54.765]      Compression:  uncompressed                                                                   
[2025-09-07 15:40:54.766]      Data Start:   0x10a34dec                                                                     
[2025-09-07 15:40:54.766]      Data Size:    79274807 Bytes = 75.6 MiB                                                      
[2025-09-07 15:40:54.766]      Architecture: AArch64                                                                        
[2025-09-07 15:40:54.766]      OS:           Linux                                                                          
[2025-09-07 15:40:54.766]      Load Address: unavailable                                                                    
[2025-09-07 15:40:54.766]      Entry Point:  unavailable                                                                    
[2025-09-07 15:40:54.766]      Hash algo:    sha256                                                                         
[2025-09-07 15:40:54.766]      Hash value:   b82b798d40f14e8eaabff967afb813aaaa2de3be431c6f919cb8eb1cd85b544e               
[2025-09-07 15:40:54.766]    Verifying Hash Integrity ... sha256+ OK                                                        
[2025-09-07 15:40:54.766] ## Loading fdt from FIT Image at 10000000 ...                                                     
[2025-09-07 15:40:54.766]    Using 'conf-system-top.dtb' configuration                                                      
[2025-09-07 15:40:54.766]    Trying 'fdt-system-top.dtb' fdt subimage                                                       
[2025-09-07 15:40:54.766]      Description:  Flattened Device Tree blob                                                     
[2025-09-07 15:40:54.767]      Type:         Flat Device Tree                                                               
[2025-09-07 15:40:54.767]      Compression:  uncompressed                                                                   
[2025-09-07 15:40:54.767]      Data Start:   0x10a25b6c                                                                     
[2025-09-07 15:40:54.767]      Data Size:    44304 Bytes = 43.3 KiB                                                         
[2025-09-07 15:40:54.767]      Architecture: AArch64                                                                        
[2025-09-07 15:40:54.767]      Hash algo:    sha256                                                                         
[2025-09-07 15:40:54.767]      Hash value:   d155a398050a875d8a71450f5d6f3698d883ab2dbc5e10dbc53b17e17d673a4f               
[2025-09-07 15:40:54.767]    Verifying Hash Integrity ... sha256+ OK                                                        
[2025-09-07 15:40:54.767]    Booting using the fdt blob at 0x10a25b6c                                                       
[2025-09-07 15:40:54.767] Working FDT set to 10a25b6c                                                                       
[2025-09-07 15:40:54.767]    Uncompressing Kernel Image                                                                     
[2025-09-07 15:40:54.767]    Loading Ramdisk to 752fc000, end 79e96337 ... OK                                               
[2025-09-07 15:40:54.768]    Loading Device Tree to 00000000752ee000, end 00000000752fbd0f ... OK                           
[2025-09-07 15:40:54.768] Working FDT set to 752ee000                                                                       
[2025-09-07 15:40:54.768]                                                                                                   
[2025-09-07 15:40:54.768] Starting kernel ...                                                                               
[2025-09-07 15:40:54.768]                                                                                                   
[2025-09-07 15:40:54.768] [    0.000000] Booting Linux on physical CPU 0x0000000000 [0x410fd083]                            
[2025-09-07 15:40:54.768] [    0.000000] Linux version 6.6.40-xilinx-g79e21eb1c72a (oe-user@oe-host) (aarch64-xilinx-linux-g
[2025-09-07 15:40:54.768] cc (GCC) 13.3.0, GNU ld (GNU Binutils) 2.42.0.20240716) #1 SMP Tue Oct 29 11:52:30 UTC 2024       
[2025-09-07 15:40:54.768] [    0.000000] KASLR disabled due to lack of seed                                                 
[2025-09-07 15:40:54.768] [    0.000000] Machine model: Xilinx Versal                                                       
[2025-09-07 15:40:54.768] [    0.000000] earlycon: pl11 at MMIO32 0x00000000ff010000 (options '115200n8')                   
[2025-09-07 15:40:54.769] [    0.000000] printk: bootconsole [pl11] enabled                                                 
[2025-09-07 15:40:54.769] [    0.000000] efi: UEFI not found.                                                               
[2025-09-07 15:40:54.769] [    0.000000] Zone ranges:                                                                       
[2025-09-07 15:40:54.769] [    0.000000]   DMA32    [mem 0x0000000000000000-0x00000000ffffffff]                             
[2025-09-07 15:40:54.769] [    0.000000]   Normal   [mem 0x0000000100000000-0x000000097fffffff]                             
[2025-09-07 15:40:54.769] [    0.000000] Movable zone start for each node                                                   
[2025-09-07 15:40:54.769] [    0.000000] Early memory node ranges                                                           
[2025-09-07 15:40:54.769] [    0.000000]   node   0: [mem 0x0000000000000000-0x000000007fffffff]                            
[2025-09-07 15:40:54.769] [    0.000000]   node   0: [mem 0x0000000800000000-0x000000097fffffff]                            
[2025-09-07 15:40:54.769] [    0.000000] Initmem setup node 0 [mem 0x0000000000000000-0x000000097fffffff]                   
[2025-09-07 15:40:54.769] [    0.000000] cma: Reserved 256 MiB at 0x0000000065200000 on node -1                             
[2025-09-07 15:40:54.769] [    0.000000] psci: probing for conduit method from DT.                                          
[2025-09-07 15:40:54.769] [    0.000000] psci: PSCIv1.1 detected in firmware.                                               
[2025-09-07 15:40:54.769] [    0.000000] psci: Using standard PSCI v0.2 function IDs                                        
[2025-09-07 15:40:54.769] [    0.000000] psci: MIGRATE_INFO_TYPE not supported.                                             
[2025-09-07 15:40:54.769] [    0.000000] psci: SMC Calling Convention v1.4                                                  
[2025-09-07 15:40:54.770] [    0.000000] percpu: Embedded 19 pages/cpu s37864 r8192 d31768 u77824                           
[2025-09-07 15:40:54.770] [    0.000000] Detected PIPT I-cache on CPU0                                                      
[2025-09-07 15:40:54.770] [    0.000000] CPU features: detected: GIC system register CPU interface                          
[2025-09-07 15:40:54.770] [    0.000000] CPU features: detected: Spectre-v2                                                 
[2025-09-07 15:40:54.770] [    0.000000] CPU features: detected: Spectre-v3a                                                
[2025-09-07 15:40:54.771] [    0.000000] CPU features: detected: Spectre-BHB                                                
[2025-09-07 15:40:54.771] [    0.000000] CPU features: detected: ARM erratum 1742098                                        
[2025-09-07 15:40:54.771] [    0.000000] CPU features: detected: ARM errata 1165522, 1319367, or 1530923                    
[2025-09-07 15:40:54.771] [    0.000000] alternatives: applying boot alternatives                                           
[2025-09-07 15:40:54.771] [    0.000000] Kernel command line: console=ttyAMA0 earlycon=pl011,mmio32,0xFF010000,115200n8 root
[2025-09-07 15:40:54.771] =/dev/ram0 rw                                                                                     
[2025-09-07 15:40:54.771] [    0.000000] Dentry cache hash table entries: 1048576 (order: 11, 8388608 bytes, linear)        
[2025-09-07 15:40:54.771] [    0.000000] Inode-cache hash table entries: 524288 (order: 10, 4194304 bytes, linear)          
[2025-09-07 15:40:54.771] [    0.000000] Built 1 zonelists, mobility grouping on.  Total pages: 2064384                     
[2025-09-07 15:40:54.771] [    0.000000] mem auto-init: stack:all(zero), heap alloc:off, heap free:off                      
[2025-09-07 15:40:54.771] [    0.000000] software IO TLB: area num 2.                                                       
[2025-09-07 15:40:54.771] [    0.000000] software IO TLB: mapped [mem 0x000000007c000000-0x0000000080000000] (64MB)         
[2025-09-07 15:40:54.771] [    0.000000] Memory: 7797984K/8388608K available (15488K kernel code, 1068K rwdata, 4472K rodata
[2025-09-07 15:40:54.771] , 2880K init, 468K bss, 328480K reserved, 262144K cma-reserved)                                   
[2025-09-07 15:40:54.771] [    0.000000] SLUB: HWalign=64, Order=0-3, MinObjects=0, CPUs=2, Nodes=1                         
[2025-09-07 15:40:54.772] [    0.000000] rcu: Hierarchical RCU implementation.                                              
[2025-09-07 15:40:54.772] [    0.000000] rcu:     RCU event tracing is enabled.                                             
[2025-09-07 15:40:54.772] [    0.000000] rcu:     RCU restricting CPUs from NR_CPUS=16 to nr_cpu_ids=2.                     
[2025-09-07 15:40:54.772] [    0.000000] rcu: RCU calculated value of scheduler-enlistment delay is 25 jiffies.             
[2025-09-07 15:40:54.772] [    0.000000] rcu: Adjusting geometry for rcu_fanout_leaf=16, nr_cpu_ids=2                       
[2025-09-07 15:40:54.772] [    0.000000] NR_IRQS: 64, nr_irqs: 64, preallocated irqs: 0                                     
[2025-09-07 15:40:54.772] [    0.000000] GICv3: GIC: Using split EOI/Deactivate mode                                        
[2025-09-07 15:40:54.772] [    0.000000] GICv3: 160 SPIs implemented                                                        
[2025-09-07 15:40:54.772] [    0.000000] GICv3: 0 Extended SPIs implemented                                                 
[2025-09-07 15:40:54.772] [    0.000000] Root IRQ handler: gic_handle_irq                                                   
[2025-09-07 15:40:54.773] [    0.000000] GICv3: GICv3 features: 16 PPIs                                                     
[2025-09-07 15:40:54.773] [    0.000000] GICv3: CPU0: found redistributor 0 region 0:0x00000000f9080000                     
[2025-09-07 15:40:54.773] [    0.000000] ITS [mem 0xf9020000-0xf903ffff]                                                    
[2025-09-07 15:40:54.773] [    0.000000] ITS@0x00000000f9020000: allocated 65536 Devices @800080000 (flat, esz 8, psz 64K, s
[2025-09-07 15:40:54.773] hr 0)                                                                                             
[2025-09-07 15:40:54.773] [    0.000000] ITS: using cache flushing for cmd queue                                            
[2025-09-07 15:40:54.773] [    0.000000] GICv3: using LPI property table @0x0000000800040000                                
[2025-09-07 15:40:54.773] [    0.000000] GIC: using cache flushing for LPI property table                                   
[2025-09-07 15:40:54.773] [    0.000000] GICv3: CPU0: using allocated LPI pending table @0x0000000800050000                 
[2025-09-07 15:40:54.773] [    0.000000] ITS queue timeout (64 0)                                                           
[2025-09-07 15:40:54.774] [    0.000000] ITS cmd its_build_mapc_cmd failed                                                  
[2025-09-07 15:40:54.774] [    0.000000] ITS queue timeout (128 0)                                                          
[2025-09-07 15:40:54.774] [    0.000000] ITS cmd its_build_invall_cmd failed                                                
[2025-09-07 15:40:54.774] [    0.000000] rcu: srcu_init: Setting srcu_struct sizes based on contention.                     
[2025-09-07 15:40:54.774] [    0.000000] arch_timer: cp15 timer(s) running at 100.00MHz (phys).                             
[2025-09-07 15:40:54.774] [    0.000000] clocksource: arch_sys_counter: mask: 0x1ffffffffffffff max_cycles: 0x171024e7e0, ma
[2025-09-07 15:40:54.774] x_idle_ns: 440795205315 ns                                                                        
[2025-09-07 15:40:54.774] [    0.000000] sched_clock: 57 bits at 100MHz, resolution 10ns, wraps every 4398046511100ns       
[2025-09-07 15:40:54.774] [    0.008393] Console: colour dummy device 80x25                                                 
[2025-09-07 15:40:54.774] [    0.012911] Calibrating delay loop (skipped), value calculated using timer frequency.. 200.00 B
[2025-09-07 15:40:54.775] ogoMIPS (lpj=400000)                                                                              
[2025-09-07 15:40:54.775] [    0.023475] pid_max: default: 32768 minimum: 301                                               
[2025-09-07 15:40:54.775] [    0.028252] Mount-cache hash table entries: 16384 (order: 5, 131072 bytes, linear)             
[2025-09-07 15:40:54.775] [    0.035938] Mountpoint-cache hash table entries: 16384 (order: 5, 131072 bytes, linear)        
[2025-09-07 15:40:54.775] [    0.044658] cacheinfo: Unable to detect cache hierarchy for CPU 0                              
[2025-09-07 15:40:54.775] [    0.051491] rcu: Hierarchical SRCU implementation.                                             
[2025-09-07 15:40:54.775] [    0.056343] rcu:     Max phase no-delay instances is 1000.                                     
[2025-09-07 15:40:54.775] [    0.061815] Platform MSI: msi-controller@f9020000 domain created                               
[2025-09-07 15:40:54.776] [    0.067987] PCI/MSI: /axi/interrupt-controller@f9000000/msi-controller@f9020000 domain created 
[2025-09-07 15:40:54.776] [    0.076787] EFI services will not be available.                                                
[2025-09-07 15:40:54.776] [    0.081506] smp: Bringing up secondary CPUs ...                                                
[2025-09-07 15:40:54.776] [    0.086537] Detected PIPT I-cache on CPU1                                                      
[2025-09-07 15:40:54.776] [    0.086586] GICv3: CPU1: found redistributor 1 region 0:0x00000000f90a0000                     
[2025-09-07 15:40:54.776] [    0.086597] GICv3: CPU1: using allocated LPI pending table @0x0000000800060000                 
[2025-09-07 15:40:54.776] [    1.306595] ITS queue timeout (192 0)                                                          
[2025-09-07 15:40:54.776] [    1.306599] ITS cmd its_build_mapc_cmd failed                                                  
[2025-09-07 15:40:54.776] [    2.524780] ITS queue timeout (256 0)                                                          
[2025-09-07 15:40:54.776] [    2.524784] ITS cmd its_build_invall_cmd failed                                                
[2025-09-07 15:40:54.776] [    2.524808] CPU1: Booted secondary processor 0x0000000001 [0x410fd083]                         
[2025-09-07 15:40:54.776] [    2.524879] smp: Brought up 1 node, 2 CPUs                                                     
[2025-09-07 15:40:54.776] [    2.570282] SMP: Total of 2 processors activated.                                              
[2025-09-07 15:40:54.776] [    2.575039] CPU features: detected: 32-bit EL0 Support                                         
[2025-09-07 15:40:54.776] [    2.580233] CPU features: detected: CRC32 instructions                                         
[2025-09-07 15:40:54.776] [    2.585497] CPU: All CPU(s) started at EL2                                                     
[2025-09-07 15:40:54.777] [    2.589644] alternatives: applying system-wide alternatives                                    
[2025-09-07 15:40:54.777] [    2.596603] devtmpfs: initialized                                                              
[2025-09-07 15:40:54.777] [    2.605625] clocksource: jiffies: mask: 0xffffffff max_cycles: 0xffffffff, max_idle_ns: 7645041
[2025-09-07 15:40:54.777] 785100000 ns                                                                                      
[2025-09-07 15:40:54.777] [    2.615511] futex hash table entries: 512 (order: 3, 32768 bytes, linear)                      
[2025-09-07 15:40:54.777] [    2.624911] pinctrl core: initialized pinctrl subsystem                                        
[2025-09-07 15:40:54.777] [    2.630555] DMI not present or invalid.                                                        
[2025-09-07 15:40:54.777] [    2.634906] NET: Registered PF_NETLINK/PF_ROUTE protocol family                                
[2025-09-07 15:40:54.777] [    2.641434] DMA: preallocated 1024 KiB GFP_KERNEL pool for atomic allocations                  
[2025-09-07 15:40:54.777] [    2.648810] DMA: preallocated 1024 KiB GFP_KERNEL|GFP_DMA32 pool for atomic allocations        
[2025-09-07 15:40:54.777] [    2.656952] audit: initializing netlink subsys (disabled)                                      
[2025-09-07 15:40:54.777] [    2.662518] audit: type=2000 audit(2.576:1): state=initialized audit_enabled=0 res=1           
[2025-09-07 15:40:54.777] [    2.662902] hw-breakpoint: found 6 breakpoint and 4 watchpoint registers.                      
[2025-09-07 15:40:54.777] [    2.677259] ASID allocator initialised with 65536 entries                                      
[2025-09-07 15:40:54.778] [    2.682858] Serial: AMBA PL011 UART driver                                                     
[2025-09-07 15:40:54.778] [    2.689872] platform axi: Fixed dependency cycle(s) with /axi/interrupt-controller@f9000000    
[2025-09-07 15:40:54.778] [    2.703998] Modules: 26624 pages in range for non-PLT usage                                    
[2025-09-07 15:40:54.778] [    2.704007] Modules: 518144 pages in range for PLT usage                                       
[2025-09-07 15:40:54.778] [    2.710178] HugeTLB: registered 1.00 GiB page size, pre-allocated 0 pages                      
[2025-09-07 15:40:54.778] [    2.722429] HugeTLB: 0 KiB vmemmap can be freed for a 1.00 GiB page                            
[2025-09-07 15:40:54.778] [    2.728768] HugeTLB: registered 32.0 MiB page size, pre-allocated 0 pages                      
[2025-09-07 15:40:54.778] [    2.735633] HugeTLB: 0 KiB vmemmap can be freed for a 32.0 MiB page                            
[2025-09-07 15:40:54.778] [    2.741975] HugeTLB: registered 2.00 MiB page size, pre-allocated 0 pages                      
[2025-09-07 15:40:54.778] [    2.748839] HugeTLB: 0 KiB vmemmap can be freed for a 2.00 MiB page                            
[2025-09-07 15:40:54.778] [    2.755178] HugeTLB: registered 64.0 KiB page size, pre-allocated 0 pages                      
[2025-09-07 15:40:54.778] [    2.762041] HugeTLB: 0 KiB vmemmap can be freed for a 64.0 KiB page                            
[2025-09-07 15:40:54.778] [    2.836436] raid6: neonx8   gen()  2886 MB/s                                                   
[2025-09-07 15:40:54.778] [    2.908811] raid6: neonx4   gen()  2818 MB/s                                                   
[2025-09-07 15:40:54.778] [    2.981187] raid6: neonx2   gen()  2333 MB/s                                                   
[2025-09-07 15:40:54.779] [    3.053565] raid6: neonx1   gen()  1687 MB/s                                                   
[2025-09-07 15:40:54.779] [    3.125942] raid6: int64x8  gen()  1612 MB/s                                                   
[2025-09-07 15:40:54.779] [    3.198315] raid6: int64x4  gen()  1577 MB/s                                                   
[2025-09-07 15:40:54.779] [    3.270690] raid6: int64x2  gen()  1532 MB/s                                                   
[2025-09-07 15:40:54.779] [    3.343066] raid6: int64x1  gen()  1175 MB/s                                                   
[2025-09-07 15:40:54.779] [    3.347382] raid6: using algorithm neonx8 gen() 2886 MB/s                                      
[2025-09-07 15:40:54.779] [    3.420895] raid6: .... xor() 2059 MB/s, rmw enabled                                           
[2025-09-07 15:40:54.779] [    3.425914] raid6: using neon recovery algorithm                                               
[2025-09-07 15:40:54.779] [    3.431150] iommu: Default domain type: Translated                                             
[2025-09-07 15:40:54.779] [    3.436003] iommu: DMA domain TLB invalidation policy: strict mode                             
[2025-09-07 15:40:54.779] [    3.442444] SCSI subsystem initialized                                                         
[2025-09-07 15:40:54.779] [    3.446387] usbcore: registered new interface driver usbfs                                     
[2025-09-07 15:40:54.779] [    3.451957] usbcore: registered new interface driver hub                                       
[2025-09-07 15:40:54.779] [    3.457350] usbcore: registered new device driver usb                                          
[2025-09-07 15:40:54.779] [    3.462541] mc: Linux media interface: v0.10                                                   
[2025-09-07 15:40:54.779] [    3.466886] videodev: Linux video capture interface: v2.00                                     
[2025-09-07 15:40:54.781] [    3.472455] pps_core: LinuxPPS API ver. 1 registered                                           
[2025-09-07 15:40:54.781] [    3.477475] pps_core: Software ver. 5.3.6 - Copyright 2005-2007 Rodolfo Giometti <giometti@linu
[2025-09-07 15:40:54.781] x.it>                                                                                             
[2025-09-07 15:40:54.781] [    3.486723] PTP clock support registered                                                       
[2025-09-07 15:40:54.781] [    3.490706] EDAC MC: Ver: 3.0.0                                                                
[2025-09-07 15:40:54.781] [    3.494099] scmi_core: SCMI protocol bus registered                                            
[2025-09-07 15:40:54.781] [    3.499285] FPGA manager framework                                                             
[2025-09-07 15:40:54.782] [    3.502864] Advanced Linux Sound Architecture Driver Initialized.                              
[2025-09-07 15:40:54.782] [    3.509418] Bluetooth: Core ver 2.22                                                           
[2025-09-07 15:40:54.782] [    3.513067] NET: Registered PF_BLUETOOTH protocol family                                       
[2025-09-07 15:40:54.782] [    3.518440] Bluetooth: HCI device and connection manager initialized                           
[2025-09-07 15:40:54.782] [    3.524869] Bluetooth: HCI socket layer initialized                                            
[2025-09-07 15:40:54.783] [    3.529802] Bluetooth: L2CAP socket layer initialized                                          
[2025-09-07 15:40:54.783] [    3.534916] Bluetooth: SCO socket layer initialized                                            
[2025-09-07 15:40:54.783] [    3.540177] clocksource: Switched to clocksource arch_sys_counter                              
[2025-09-07 15:40:54.783] [    3.546502] VFS: Disk quotas dquot_6.6.0                                                       
[2025-09-07 15:40:54.784] [    3.550492] VFS: Dquot-cache hash table entries: 512 (order 0, 4096 bytes)                     
[2025-09-07 15:40:54.784] [    3.562856] NET: Registered PF_INET protocol family                                            
[2025-09-07 15:40:54.784] [    3.568071] IP idents hash table entries: 131072 (order: 8, 1048576 bytes, linear)             
[2025-09-07 15:40:54.785] [    3.580921] tcp_listen_portaddr_hash hash table entries: 4096 (order: 4, 65536 bytes, linear)  
[2025-09-07 15:40:54.785] [    3.589618] Table-perturb hash table entries: 65536 (order: 6, 262144 bytes, linear)           
[2025-09-07 15:40:54.785] [    3.597461] TCP established hash table entries: 65536 (order: 7, 524288 bytes, linear)         
[2025-09-07 15:40:54.785] [    3.605900] TCP bind hash table entries: 65536 (order: 9, 2097152 bytes, linear)               
[2025-09-07 15:40:54.785] [    3.614986] TCP: Hash tables configured (established 65536 bind 65536)                         
[2025-09-07 15:40:54.785] [    3.621686] UDP hash table entries: 4096 (order: 5, 131072 bytes, linear)                      
[2025-09-07 15:40:54.785] [    3.628733] UDP-Lite hash table entries: 4096 (order: 5, 131072 bytes, linear)                 
[2025-09-07 15:40:54.785] [    3.636312] NET: Registered PF_UNIX/PF_LOCAL protocol family                                   
[2025-09-07 15:40:54.785] [    3.642351] RPC: Registered named UNIX socket transport module.                                
[2025-09-07 15:40:54.785] [    3.648351] RPC: Registered udp transport module.                                              
[2025-09-07 15:40:54.785] [    3.653108] RPC: Registered tcp transport module.                                              
[2025-09-07 15:40:54.786] [    3.657863] RPC: Registered tcp-with-tls transport module.                                     
[2025-09-07 15:40:54.786] [    3.663409] RPC: Registered tcp NFSv4.1 backchannel transport module.                          
[2025-09-07 15:40:54.786] [    3.669931] PCI: CLS 0 bytes, default 64                                                       
[2025-09-07 15:40:54.786] [    3.674084] Trying to unpack rootfs image as initramfs...                                      
[2025-09-07 15:40:54.786] [    3.680999] Initialise system trusted keyrings                                                 
[2025-09-07 15:40:54.786] [    3.685663] workingset: timestamp_bits=46 max_order=21 bucket_order=0                          
[2025-09-07 15:40:54.786] [    3.692786] NFS: Registering the id_resolver key type                                          
[2025-09-07 15:40:54.786] [    3.697958] Key type id_resolver registered                                                    
[2025-09-07 15:40:54.786] [    3.702197] Key type id_legacy registered                                                      
[2025-09-07 15:40:54.786] [    3.706274] nfs4filelayout_init: NFSv4 File Layout Driver Registering...                       
[2025-09-07 15:40:54.786] [    3.713059] nfs4flexfilelayout_init: NFSv4 Flexfile Layout Driver Registering...               
[2025-09-07 15:40:54.786] [    3.720799] jffs2: version 2.2. (NAND) (SUMMARY)  © 2001-2006 Red Hat, Inc.                    
[2025-09-07 15:40:54.786] [    3.756760] NET: Registered PF_ALG protocol family                                             
[2025-09-07 15:40:54.786] [    3.761624] xor: measuring software checksum speed                                             
[2025-09-07 15:40:54.787] [    3.768593]    8regs           :  4645 MB/sec                                                  
[2025-09-07 15:40:54.787] [    3.774956]    32regs          :  5027 MB/sec                                                  
[2025-09-07 15:40:54.787] [    3.781755]    arm64_neon      :  4119 MB/sec                                                  
[2025-09-07 15:40:54.787] [    3.786162] xor: using function: 32regs (5027 MB/sec)                                          
[2025-09-07 15:40:54.787] [    3.791286] Key type asymmetric registered                                                     
[2025-09-07 15:40:54.787] [    3.795431] Asymmetric key parser 'x509' registered                                            
[2025-09-07 15:40:54.787] [    3.800425] Block layer SCSI generic (bsg) driver version 0.4 loaded (major 244)               
[2025-09-07 15:40:54.787] [    3.807916] io scheduler mq-deadline registered                                                
[2025-09-07 15:40:54.787] [    3.812503] io scheduler kyber registered                                                      
[2025-09-07 15:40:54.787] [    3.816593] io scheduler bfq registered                                                        
[2025-09-07 15:40:54.787] [    3.862500] Serial: 8250/16550 driver, 4 ports, IRQ sharing disabled                           
[2025-09-07 15:40:54.787] [    3.870293] Serial: AMBA driver                                                                
[2025-09-07 15:40:54.787] [    3.879408] brd: module loaded                                                                 
[2025-09-07 15:40:54.788] [    3.885640] loop: module loaded                                                                
[2025-09-07 15:40:54.788] [    3.892939] CAN device driver interface                                                        
[2025-09-07 15:40:54.788] [    3.897423] usbcore: registered new interface driver asix                                      
[2025-09-07 15:40:54.788] [    3.902915] usbcore: registered new interface driver ax88179_178a                              
[2025-09-07 15:40:54.788] [    3.909099] usbcore: registered new interface driver cdc_ether                                 
[2025-09-07 15:40:54.788] [    3.915024] usbcore: registered new interface driver net1080                                   
[2025-09-07 15:40:54.788] [    3.920768] usbcore: registered new interface driver cdc_subset                                
[2025-09-07 15:40:54.788] [    3.926774] usbcore: registered new interface driver zaurus                                    
[2025-09-07 15:40:54.788] [    3.932451] usbcore: registered new interface driver cdc_ncm                                   
[2025-09-07 15:40:54.788] [    3.938196] usbcore: registered new interface driver r8153_ecm                                 
[2025-09-07 15:40:54.788] [    3.944404] VFIO - User Level meta-driver version: 0.3                                         
[2025-09-07 15:40:54.788] [    3.950157] usbcore: registered new interface driver uas                                       
[2025-09-07 15:40:54.788] [    3.955566] usbcore: registered new interface driver usb-storage                               
[2025-09-07 15:40:54.788] [    3.961662] usbcore: registered new device driver onboard-usb-dev                              
[2025-09-07 15:40:54.789] [    3.968348] i2c_dev: i2c /dev entries driver                                                   
[2025-09-07 15:40:54.789] [    3.973226] xilinx-video vcap_mipi_csi2_v_proc_ss_scaler: /vcap_mipi_csi2_v_proc_ss_scaler/port
[2025-09-07 15:40:54.789] s/port@0 initialization failed                                                                    
[2025-09-07 15:40:54.789] [    3.984685] xilinx-video vcap_mipi_csi2_v_proc_ss_scaler: DMA initialization failed            
[2025-09-07 15:40:54.789] [    3.993841] usbcore: registered new interface driver uvcvideo                                  
[2025-09-07 15:40:54.789] [    4.000294] Bluetooth: HCI UART driver ver 2.3                                                 
[2025-09-07 15:40:54.789] [    4.004817] Bluetooth: HCI UART protocol H4 registered                                         
[2025-09-07 15:40:54.789] [    4.010017] Bluetooth: HCI UART protocol BCSP registered                                       
[2025-09-07 15:40:54.789] [    4.015416] Bluetooth: HCI UART protocol LL registered                                         
[2025-09-07 15:40:54.789] [    4.020617] Bluetooth: HCI UART protocol ATH3K registered                                      
[2025-09-07 15:40:54.789] [    4.026093] Bluetooth: HCI UART protocol Three-wire (H5) registered                            
[2025-09-07 15:40:54.789] [    4.032495] Bluetooth: HCI UART protocol Intel registered                                      
[2025-09-07 15:40:54.789] [    4.037973] Bluetooth: HCI UART protocol QCA registered                                        
[2025-09-07 15:40:54.789] [    4.043288] usbcore: registered new interface driver bcm203x                                   
[2025-09-07 15:40:54.790] [    4.049035] usbcore: registered new interface driver bpa10x                                    
[2025-09-07 15:40:54.790] [    4.054690] usbcore: registered new interface driver bfusb                                     
[2025-09-07 15:40:54.790] [    4.060256] usbcore: registered new interface driver btusb                                     
[2025-09-07 15:40:54.790] [    4.065849] usbcore: registered new interface driver ath3k                                     
[2025-09-07 15:40:54.790] [    4.071909] sdhci: Secure Digital Host Controller Interface driver                             
[2025-09-07 15:40:54.790] [    4.078182] sdhci: Copyright(c) Pierre Ossman                                                  
[2025-09-07 15:40:54.790] [    4.082589] sdhci-pltfm: SDHCI platform and OF driver helper                                   
[2025-09-07 15:40:54.790] [    4.088817] ledtrig-cpu: registered to indicate activity on CPUs                               
[2025-09-07 15:40:54.790] [    4.095120] SMCCC: SOC_ID: ID = jep106:0049:0000 Revision = 0x00000000                         
[2025-09-07 15:40:54.790] [    4.101849] zynqmp_firmware_probe Platform Management API v1.0                                 
[2025-09-07 15:40:54.790] [    4.107804] zynqmp_firmware_probe Trustzone version v1.0                                       
[2025-09-07 15:40:54.790] [    4.114060] xlnx_event_manager xlnx_event_manager: SGI 15 Registered over TF-A                 
[2025-09-07 15:40:54.791] [    4.121395] xlnx_event_manager xlnx_event_manager: Xilinx Event Management driver probed       
[2025-09-07 15:40:54.791] [    4.184428] zynqmp-pinctrl firmware:versal-firmware:pinctrl: This is an experimental solution(h
[2025-09-07 15:40:54.791] ardcoded the MIO ID                                                                               
[2025-09-07 15:40:54.791] [    4.184428] information) and this solution will be deprecated and use PM interface             
[2025-09-07 15:40:54.791] [    4.184428] to get the MIO IDs information                                                     
[2025-09-07 15:40:54.791] [    4.220445] securefw securefw: securefw probed                                                 
[2025-09-07 15:40:54.791] [    4.225374] xilinx_ecdsa xilinx_ecdsa.0: will run requests pump with realtime priority         
[2025-09-07 15:40:54.791] [    4.233789] zynqmp-aes zynqmp-aes.0: will run requests pump with realtime priority             
[2025-09-07 15:40:54.792] [    4.241908] zynqmp_rsa zynqmp_rsa.0: RSA is not supported on the platform                      
[2025-09-07 15:40:54.792] [    4.248895] usbcore: registered new interface driver usbhid                                    
[2025-09-07 15:40:54.792] [    4.254539] usbhid: USB HID core driver                                                        
[2025-09-07 15:40:54.792] [    4.260566] ARM CCI_500 PMU driver probed                                                      
[2025-09-07 15:40:54.792] [    4.261122] hw perfevents: enabled with armv8_pmuv3 PMU driver, 7 counters available           
[2025-09-07 15:40:54.792] [    4.274175] fpga_manager fpga0: Xilinx Versal FPGA Manager registered                          
[2025-09-07 15:40:54.792] [    4.281840] pktgen: Packet Generator for packet performance testing. Version: 2.75             
[2025-09-07 15:40:54.792] [    4.291737] Initializing XFRM netlink socket                                                   
[2025-09-07 15:40:54.792] [    4.296129] NET: Registered PF_INET6 protocol family                                           
[2025-09-07 15:40:54.792] [    4.301903] Segment Routing with IPv6                                                          
[2025-09-07 15:40:54.792] [    4.305657] In-situ OAM (IOAM) with IPv6                                                       
[2025-09-07 15:40:54.792] [    4.309718] sit: IPv6, IPv4 and MPLS over IPv4 tunneling driver                                
[2025-09-07 15:40:54.793] [    4.316132] NET: Registered PF_PACKET protocol family                                          
[2025-09-07 15:40:54.793] [    4.321264] NET: Registered PF_KEY protocol family                                             
[2025-09-07 15:40:54.793] [    4.326139] can: controller area network core                                                  
[2025-09-07 15:40:54.793] [    4.330582] NET: Registered PF_CAN protocol family                                             
[2025-09-07 15:40:54.793] [    4.335432] can: raw protocol                                                                  
[2025-09-07 15:40:54.793] [    4.338434] can: broadcast manager protocol                                                    
[2025-09-07 15:40:54.793] [    4.342669] can: netlink gateway - max_hops=1                                                  
[2025-09-07 15:40:54.793] [    4.347231] Bluetooth: RFCOMM TTY layer initialized                                            
[2025-09-07 15:40:54.793] [    4.352189] Bluetooth: RFCOMM socket layer initialized                                         
[2025-09-07 15:40:54.793] [    4.357401] Bluetooth: RFCOMM ver 1.11                                                         
[2025-09-07 15:40:54.793] [    4.361201] Bluetooth: BNEP (Ethernet Emulation) ver 1.3                                       
[2025-09-07 15:40:54.794] [    4.366577] Bluetooth: BNEP filters: protocol multicast                                        
[2025-09-07 15:40:54.794] [    4.371866] Bluetooth: BNEP socket layer initialized                                           
[2025-09-07 15:40:54.794] [    4.376890] Bluetooth: HIDP (Human Interface Emulation) ver 1.2                                
[2025-09-07 15:40:54.794] [    4.382882] Bluetooth: HIDP socket layer initialized                                           
[2025-09-07 15:40:54.794] [    4.387940] 8021q: 802.1Q VLAN Support v1.8                                                    
[2025-09-07 15:40:54.794] [    4.392412] 9pnet: Installing 9P2000 support                                                   
[2025-09-07 15:40:54.794] [    4.396771] Key type dns_resolver registered                                                   
[2025-09-07 15:40:54.794] [    4.401241] NET: Registered PF_VSOCK protocol family                                           
[2025-09-07 15:40:54.794] [    4.413245] registered taskstats version 1                                                     
[2025-09-07 15:40:54.795] [    4.417407] Loading compiled-in X.509 certificates                                             
[2025-09-07 15:40:54.795] [    4.430507] Btrfs loaded, zoned=no, fsverity=no                                                
[2025-09-07 15:40:54.795] [    7.378184] Freeing initrd memory: 77416K                                                      
[2025-09-07 15:40:54.795] [    7.721666] ff010000.serial: ttyAMA0 at MMIO 0xff010000 (irq = 18, base_baud = 0) is a PL011 re
[2025-09-07 15:40:54.795] v3                                                                                                
[2025-09-07 15:40:54.795] [    7.730697] printk: console [ttyAMA0] enabled                                                  
[2025-09-07 15:40:54.795] [    7.730697] printk: console [ttyAMA0] enabled                                                  
[2025-09-07 15:40:54.796] [    7.739474] printk: bootconsole [pl11] disabled                                                
[2025-09-07 15:40:54.796] [    7.739474] printk: bootconsole [pl11] disabled                                                
[2025-09-07 15:40:54.796] [    7.750234] of-fpga-region fpga-region: FPGA Region probed                                     
[2025-09-07 15:40:54.796] [    7.760815] spi-nor spi0.0: mt25qu512a (196608 Kbytes)                                         
[2025-09-07 15:40:54.796] [    7.766076] 3 fixed-partitions partitions found on MTD device spi0.0                           
[2025-09-07 15:40:54.796] [    7.772433] Creating 3 MTD partitions on "spi0.0":                                             
[2025-09-07 15:40:54.796] [    7.777222] 0x000000000000-0x000000100000 : "qspi-boot"                                        
[2025-09-07 15:40:54.796] [    7.783318] 0x000000100000-0x000001700000 : "qspi-kernel"                                      
[2025-09-07 15:40:54.796] [    7.789448] 0x000001700000-0x000001740000 : "qspi-bootenv"                                     
[2025-09-07 15:40:54.796] [    7.802002] xhci-hcd xhci-hcd.0.auto: xHCI Host Controller                                     
[2025-09-07 15:40:54.796] [    7.807524] xhci-hcd xhci-hcd.0.auto: new USB bus registered, assigned bus number 1            
[2025-09-07 15:40:54.797] [    7.815274] xhci-hcd xhci-hcd.0.auto: USB3 root hub has no ports                               
[2025-09-07 15:40:54.797] [    7.821285] xhci-hcd xhci-hcd.0.auto: hcc params 0x0238fe65 hci version 0x110 quirks 0x00000080
[2025-09-07 15:40:54.797] 00000010                                                                                          
[2025-09-07 15:40:54.797] [    7.830705] xhci-hcd xhci-hcd.0.auto: irq 31, io mem 0xfe200000                                
[2025-09-07 15:40:54.797] [    7.836817] usb usb1: New USB device found, idVendor=1d6b, idProduct=0002, bcdDevice= 6.06     
[2025-09-07 15:40:54.797] [    7.845091] usb usb1: New USB device strings: Mfr=3, Product=2, SerialNumber=1                 
[2025-09-07 15:40:54.797] [    7.852318] usb usb1: Product: xHCI Host Controller                                            
[2025-09-07 15:40:54.798] [    7.857195] usb usb1: Manufacturer: Linux 6.6.40-xilinx-g79e21eb1c72a xhci-hcd                 
[2025-09-07 15:40:54.798] [    7.864419] usb usb1: SerialNumber: xhci-hcd.0.auto                                            
[2025-09-07 15:40:54.798] [    7.869666] hub 1-0:1.0: USB hub found                                                         
[2025-09-07 15:40:54.798] [    7.873445] hub 1-0:1.0: 1 port detected                                                       
[2025-09-07 15:40:54.798] [    7.878609] rtc_zynqmp f12a0000.rtc: registered as rtc0                                        
[2025-09-07 15:40:54.798] [    7.883875] rtc_zynqmp f12a0000.rtc: setting system clock to 1970-01-01T00:02:05 UTC (125)     
[2025-09-07 15:40:54.798] [    7.892384] cdns-i2c ff020000.i2c: can't get pinctrl, bus recovery not supported               
[2025-09-07 15:40:54.798] [    7.900297] pca954x 0-0070: supply vdd not found, using dummy regulator                        
[2025-09-07 15:40:54.798] [    7.907451] i2c i2c-0: Added multiplexed i2c bus 5                                             
[2025-09-07 15:40:54.798] [    7.912418] i2c i2c-0: Added multiplexed i2c bus 6                                             
[2025-09-07 15:40:54.798] [    7.917377] i2c i2c-0: Added multiplexed i2c bus 7                                             
[2025-09-07 15:40:54.799] [    7.922342] i2c i2c-0: Added multiplexed i2c bus 8                                             
[2025-09-07 15:40:54.799] [    7.927293] i2c i2c-0: Added multiplexed i2c bus 9                                             
[2025-09-07 15:40:54.799] [    7.932255] i2c i2c-0: Added multiplexed i2c bus 10                                            
[2025-09-07 15:40:54.799] [    7.937314] i2c i2c-0: Added multiplexed i2c bus 11                                            
[2025-09-07 15:40:54.799] [    7.942375] i2c i2c-0: Added multiplexed i2c bus 12                                            
[2025-09-07 15:40:54.799] [    7.947262] pca954x 0-0070: registered 8 multiplexed busses for I2C switch pca9548             
[2025-09-07 15:40:54.799] [    7.954887] cdns-i2c ff020000.i2c: 100 kHz mmio ff020000 irq 34                                
[2025-09-07 15:40:54.799] [    7.961046] cdns-i2c ff030000.i2c: can't get pinctrl, bus recovery not supported               
[2025-09-07 15:40:54.799] [    7.968800] cdns-i2c ff030000.i2c: 100 kHz mmio ff030000 irq 35                                
[2025-09-07 15:40:54.799] [    7.974944] cdns-i2c f1000000.i2c: can't get pinctrl, bus recovery not supported               
[2025-09-07 15:40:54.800] [    7.982854] at24 13-0050: supply vcc not found, using dummy regulator                          
[2025-09-07 15:40:54.800] [    7.989913] at24 13-0050: 256 byte 24aa025 EEPROM, writable, 1 bytes/write                     
[2025-09-07 15:40:54.800] [    7.996890] cdns-i2c f1000000.i2c: 100 kHz mmio f1000000 irq 36                                
[2025-09-07 15:40:54.800] [    8.004730] xilinx-video vcap_mipi_csi2_v_proc_ss_scaler: /vcap_mipi_csi2_v_proc_ss_scaler/port
[2025-09-07 15:40:54.800] s/port@0 initialization failed                                                                    
[2025-09-07 15:40:54.800] [    8.016070] xilinx-video vcap_mipi_csi2_v_proc_ss_scaler: DMA initialization failed            
[2025-09-07 15:40:54.800] [    8.024160] xilinx-gamma-lut a4080000.v_gamma_lut: Xilinx 8-bit Video Gamma Correction LUT regi
[2025-09-07 15:40:54.800] stered                                                                                            
[2025-09-07 15:40:54.800] [    8.033920] cpufreq: cpufreq_online: CPU0: Running at unlisted initial frequency: 958333 KHz, c
[2025-09-07 15:40:54.800] hanging to: 550000 KHz                                                                            
[2025-09-07 15:40:54.800] [    8.080604] mmc0: SDHCI controller on f1040000.mmc [f1040000.mmc] using ADMA 64-bit            
[2025-09-07 15:40:54.800] [    8.084211] mmc1: SDHCI controller on f1050000.mmc [f1050000.mmc] using ADMA 64-bit            
[2025-09-07 15:40:54.800] [    8.089199] macb ff0c0000.ethernet eth0: Cadence GEM rev 0x0107010b at 0xff0c0000 irq 40 (fc:0f
[2025-09-07 15:40:54.801] :e7:ed:6c:eb)                                                                                     
[2025-09-07 15:40:54.801] [    8.106244] xilinx-video vcap_mipi_csi2_v_proc_ss_scaler: /vcap_mipi_csi2_v_proc_ss_scaler/port
[2025-09-07 15:40:54.801] s/port@0 initialization failed                                                                    
[2025-09-07 15:40:54.801] [    8.117586] xilinx-video vcap_mipi_csi2_v_proc_ss_scaler: DMA initialization failed            
[2025-09-07 15:40:54.801] [    8.125867] xilinx-video vcap_mipi_csi2_v_proc_ss_scaler: /vcap_mipi_csi2_v_proc_ss_scaler/port
[2025-09-07 15:40:54.801] s/port@0 initialization failed                                                                    
[2025-09-07 15:40:54.801] [    8.137233] xilinx-video vcap_mipi_csi2_v_proc_ss_scaler: DMA initialization failed            
[2025-09-07 15:40:54.801] [    8.149791] of_cfs_init                                                                        
[2025-09-07 15:40:54.801] [    8.152313] of_cfs_init: OK                                                                    
[2025-09-07 15:40:54.801] [    8.155210] clk: Disabling unused clocks                                                       
[2025-09-07 15:40:54.801] ERR XPmClock_CheckPermissions: 0x330D                                                             
[2025-09-07 15:40:54.801] ERR XPm_IsAccessAllowed: 0x4601                                                                   
[2025-09-07 15:40:54.802] ALERT XPm_ProcessCmd: Error 0x7D2 while processing command 0x1000225                              
[2025-09-07 15:40:54.802] ALERT XPm_ProcessCmd: Err Code: 0x7D2                                                             
[2025-09-07 15:40:54.802] [25413.965]XPlmi_IpiDispatchHandler: Error: IPI command failed for Command ID: 0x1000225          
[2025-09-07 15:40:54.802] [25421.401]PLM Error Status: 0x222507D2                                                           
[2025-09-07 15:40:54.802] ERR XPmClock_CheckPermissions: 0x330D                                                             
[2025-09-07 15:40:54.802] ERR XPm_IsAccessAllowed: 0x4601                                                                   
[2025-09-07 15:40:54.802] ALERT XPm_ProcessCmd: Error 0x7D2 while processing command 0x1000225                              
[2025-09-07 15:40:54.802] ALERT XPm_ProcessCmd: Err Code: 0x7D2                                                             
[2025-09-07 15:40:54.802] [25439.723]XPlmi_IpiDispatchHandler: Error: IPI command failed for Command ID: 0x1000225          
[2025-09-07 15:40:54.802] [25447.157]PLM Error Status: 0x222507D2                                                           
[2025-09-07 15:40:54.802] [    8.211842] ALSA device list:                                                                  
[2025-09-07 15:40:54.803] [    8.212619] mmc0: new HS200 MMC card at address 0001                                           
[2025-09-07 15:40:54.803] [    8.216672]   No soundcards found.                                                             
[2025-09-07 15:40:54.803] [    8.222392] mmcblk0: mmc0:0001 DG4032 29.1 GiB                                                 
[2025-09-07 15:40:54.803] [    8.230074] uart-pl011 ff010000.serial: no DMA platform data                                   
[2025-09-07 15:40:54.803] [    8.231932] mmcblk0boot0: mmc0:0001 DG4032 4.00 MiB                                            
[2025-09-07 15:40:54.803] [    8.242444] mmcblk0boot1: mmc0:0001 DG4032 4.00 MiB                                            
[2025-09-07 15:40:54.803] [    8.243016] Freeing unused kernel memory: 2880K                                                
[2025-09-07 15:40:54.803] [    8.248794] mmcblk0rpmb: mmc0:0001 DG4032 4.00 MiB, chardev (240:0)                            
[2025-09-07 15:40:54.803] [    8.252200] Run /init as init process                                                          
[2025-09-07 15:40:54.803] [    8.258692] xilinx-video vcap_mipi_csi2_v_proc_ss_scaler: /vcap_mipi_csi2_v_proc_ss_scaler/port
[2025-09-07 15:40:54.803] s/port@0 initialization failed                                                                    
[2025-09-07 15:40:54.803] [    8.273158] xilinx-video vcap_mipi_csi2_v_proc_ss_scaler: DMA initialization failed            
[2025-09-07 15:40:54.804] [    8.308652] systemd[1]: System time before build time, advancing clock.                        
[2025-09-07 15:40:54.804] [    8.316140] mmc1: new high speed SDXC card at address aaaa                                     
[2025-09-07 15:40:54.804] [    8.322467] mmcblk1: mmc1:aaaa SN64G 59.5 GiB                                                  
[2025-09-07 15:40:54.804] [    8.337233] systemd[1]: systemd 255.4^ running in system mode (+PAM -AUDIT -SELINUX -APPARMOR +
[2025-09-07 15:40:54.804] IMA -SMACK +SECCOMP -GCRYPT -GNUTLS +OPENSSL +ACL +BLKID -CURL -ELFUTILS -FIDO2 -IDN2 -IDN -IPTC +
[2025-09-07 15:40:54.804] KMOD -LIBCRYPTSETUP +LIBFDISK -PCRE2 -PWQUALITY -P11KIT -QRENCODE -TPM2 -BZIP2 -LZ4 -XZ -ZLIB +ZST
[2025-09-07 15:40:54.804] D -BPF_FRAMEWORK +XKBCOMMON +UTMP +SYSVINIT default-hierarchy=unified)                            
[2025-09-07 15:40:54.804] [    8.369284]  mmcblk1: p1 p2                                                                    
[2025-09-07 15:40:54.804] [    8.372294] systemd[1]: Detected architecture arm64.                                           
[2025-09-07 15:40:54.804]                                                                                                   
[2025-09-07 15:40:54.804] Welcome to PetaLinux 2024.2[    8.379595] xilinx-video vcap_mipi_csi2_v_proc_ss_scaler: /vcap_mipi
[2025-09-07 15:40:54.804] _csi2_v_proc_ss_scaler/ports/port@0 initialization failed                                         
[2025-09-07 15:40:54.804] +release-S11061705 (scarthgap)    8.392939] xilinx-video vcap_mipi_csi2_v_proc_ss_scaler: DMA init
[2025-09-07 15:40:54.805] ialization failed                                                                                 
[2025-09-07 15:40:54.805] 0m!                                                                                               
[2025-09-07 15:40:54.806]                                                                                                   
[2025-09-07 15:40:54.806] [    8.412634] systemd[1]: Hostname set to <Trenz>.                                               
[2025-09-07 15:40:54.806] [    8.417570] systemd[1]: Initializing machine ID from random generator.                         
[2025-09-07 15:40:54.806] [    8.907780] systemd[1]: Queued start job for default target Multi-User System.                 
[2025-09-07 15:40:54.806] [    8.941814] systemd[1]: Created slice Slice /system/getty.                                     
[2025-09-07 15:40:54.806] [  OK  ] Created slice Slice /system/getty.                                                       
[2025-09-07 15:40:54.807] [    8.966567] systemd[1]: Created slice Slice /system/modprobe.                                  
[2025-09-07 15:40:54.807] [  OK  ] Created slice Slice /system/modprobe.                                                    
[2025-09-07 15:40:54.807] [    8.990445] systemd[1]: Created slice Slice /system/serial-getty.                              
[2025-09-07 15:40:54.807] [  OK  ] Created slice Slice /system/serial-getty.                                                
[2025-09-07 15:40:54.807] [    9.013972] systemd[1]: Created slice User and Session Slice.                                  
[2025-09-07 15:40:54.807] [  OK  ] Created slice User and Session Slice.                                                    
[2025-09-07 15:40:54.807] [    9.036945] systemd[1]: Started Dispatch Password Requests to Console Directory Watch.         
[2025-09-07 15:40:54.807] [  OK  ] Started Dispatch Password Requests to Console Directory Watch.                           
[2025-09-07 15:40:54.807] [    9.064648] systemd[1]: Started Forward Password Requests to Wall Directory Watch.             
[2025-09-07 15:40:54.807] [  OK  ] Started Forward Password Requests to Wall Directory Watch.                               
[2025-09-07 15:40:54.807] [    9.088559] systemd[1]: Reached target Path Units.                                             
[2025-09-07 15:40:54.807] [  OK  ] Reached target Path Units.                                                               
[2025-09-07 15:40:54.807] [    9.108389] systemd[1]: Reached target Remote File Systems.                                    
[2025-09-07 15:40:54.808] [  OK  ] Reached target Remote File Systems.                                                      
[2025-09-07 15:40:54.808] [    9.128392] systemd[1]: Reached target Slice Units.                                            
[2025-09-07 15:40:54.808] [  OK  ] Reached target Slice Units.                                                              
[2025-09-07 15:40:54.808] [    9.148415] systemd[1]: Reached target Swaps.                                                  
[2025-09-07 15:40:54.808] [  OK  ] Reached target Swaps.                                                                    
[2025-09-07 15:40:54.808] [    9.165289] systemd[1]: Listening on RPCbind Server Activation Socket.                         
[2025-09-07 15:40:54.808] [  OK  ] Listening on RPCbind Server Activation Socket.                                           
[2025-09-07 15:40:54.808] [    9.188429] systemd[1]: Reached target RPC Port Mapper.                                        
[2025-09-07 15:40:54.808] [  OK  ] Reached target RPC Port Mapper.                                                          
[2025-09-07 15:40:54.809] [    9.209127] systemd[1]: Listening on Syslog Socket.                                            
[2025-09-07 15:40:54.809] [  OK  ] Listening on Syslog Socket.                                                              
[2025-09-07 15:40:54.809] [    9.228776] systemd[1]: Listening on initctl Compatibility Named Pipe.                         
[2025-09-07 15:40:54.809] [  OK  ] Listening on initctl Compatibility Named Pipe.                                           
[2025-09-07 15:40:54.809] [    9.253586] systemd[1]: Listening on Journal Audit Socket.                                     
[2025-09-07 15:40:54.809] [  OK  ] Listening on Journal Audit Socket.                                                       
[2025-09-07 15:40:54.809] [    9.273115] systemd[1]: Listening on Journal Socket (/dev/log).                                
[2025-09-07 15:40:54.809] [  OK  ] Listening on Journal Socket (/dev/log).                                                  
[2025-09-07 15:40:54.809] [    9.293219] systemd[1]: Listening on Journal Socket.                                           
[2025-09-07 15:40:54.809] [  OK  ] Listening on Journal Socket.                                                             
[2025-09-07 15:40:54.810] [    9.313239] systemd[1]: Listening on Network Service Netlink Socket.                           
[2025-09-07 15:40:54.810] [  OK  ] Listening on Network Service Netlink Socket.                                             
[2025-09-07 15:40:54.810] [    9.337225] systemd[1]: Listening on udev Control Socket.                                      
[2025-09-07 15:40:54.810] [  OK  ] Listening on udev Control Socket.                                                        
[2025-09-07 15:40:54.810] [    9.356988] systemd[1]: Listening on udev Kernel Socket.                                       
[2025-09-07 15:40:54.810] [  OK  ] Listening on udev Kernel Socket.                                                         
[2025-09-07 15:40:54.810] [    9.377044] systemd[1]: Listening on User Database Manager Socket.                             
[2025-09-07 15:40:54.810] [  OK  ] Listening on User Database Manager Socket.                                               
[2025-09-07 15:40:54.810] [    9.424535] systemd[1]: Mounting Huge Pages File System...                                     
[2025-09-07 15:40:54.810]          Mounting Huge Pages File System...                                                       
[2025-09-07 15:40:54.810] [    9.448752] systemd[1]: Mounting POSIX Message Queue File System...                            
[2025-09-07 15:40:54.810]          Mounting POSIX Message Queue File System...                                              
[2025-09-07 15:40:54.810] [    9.492580] systemd[1]: Mounting Kernel Debug File System...                                   
[2025-09-07 15:40:54.810]          Mounting Kernel Debug File System...                                                     
[2025-09-07 15:40:54.810] [    9.516876] systemd[1]: Kernel Trace File System was skipped because of an unmet condition chec
[2025-09-07 15:40:54.810] k (ConditionPathExists=/sys/kernel/tracing).                                                      
[2025-09-07 15:40:54.810] [    9.548604] systemd[1]: Mounting Temporary Directory /tmp...                                   
[2025-09-07 15:40:54.810]          Mounting Temporary Directory /tmp...                                                     
[2025-09-07 15:40:54.810] [    9.592936] systemd[1]: Starting Create List of Static Device Nodes...                         
[2025-09-07 15:40:54.810]          Starting Create List of Static Device Nodes...                                           
[2025-09-07 15:40:54.810] [    9.609044] systemd[1]: Starting Load Kernel Module configfs...                                
[2025-09-07 15:40:54.812]          Starting Load Kernel Module configfs...                                                  
[2025-09-07 15:40:54.812] [    9.641103] systemd[1]: Starting Load Kernel Module dm_mod...                                  
[2025-09-07 15:40:54.812]          Starting Load Kernel Module dm_mod...                                                    
[2025-09-07 15:40:54.812] [    9.669039] systemd[1]: Starting Load Kernel Module drm...                                     
[2025-09-07 15:40:54.812]          Starting Load Kernel Module drm...                                                       
[2025-09-07 15:40:54.812] [    9.717345] systemd[1]: Starting Load Kernel Module fuse...                                    
[2025-09-07 15:40:54.812]          Starting Load Kernel Module fuse...                                                      
[2025-09-07 15:40:54.812] [    9.745050] systemd[1]: Starting Load Kernel Module loop...                                    
[2025-09-07 15:40:54.812]          Starting Load Kernel Module loop...                                                      
[2025-09-07 15:40:54.812] [    9.792988] systemd[1]: Starting RPC Bind...                                                   
[2025-09-07 15:40:54.812]          Starting RPC Bind...                                                                     
[2025-09-07 15:40:54.812] [    9.816622] systemd[1]: File System Check on Root Device was skipped because of an unmet condit
[2025-09-07 15:40:54.812] ion check (ConditionPathIsReadWrite=!/).                                                          
[2025-09-07 15:40:54.812] [    9.829878] systemd[1]: systemd-journald.service: unit configures an IP firewall, but the local
[2025-09-07 15:40:54.813]  system does not support BPF/cgroup firewalling.                                                  
[2025-09-07 15:40:54.813] [    9.842935] systemd[1]: systemd-journald.service: (This warning is only shown for the first uni
[2025-09-07 15:40:54.813] t using IP firewalling.)                                                                          
[2025-09-07 15:40:54.813] [    9.858477] systemd[1]: Starting Journal Service...                                            
[2025-09-07 15:40:54.813]          Starting Journal Service...                                                              
[2025-09-07 15:40:54.813] [    9.909316] systemd[1]: Starting Load Kernel Modules...                                        
[2025-09-07 15:40:54.813]          Starting Load Kernel Modules...                                                          
[2025-09-07 15:40:54.813] [    9.952057] openvswitch: Open vSwitch switching datapath                                       
[2025-09-07 15:40:54.813] [    9.961169] systemd[1]: Starting Generate network units from Kernel command line...            
[2025-09-07 15:40:54.813]          Starting Generate network units from Kernel command line...                              
[2025-09-07 15:40:54.813] [   10.010957] systemd-journald[197]: Collecting audit messages is enabled.                       
[2025-09-07 15:40:54.813] [   10.021337] systemd[1]: Starting Remount Root and Kernel File Systems...                       
[2025-09-07 15:40:54.813]          Starting Remount Root and Kernel File Systems...                                         
[2025-09-07 15:40:54.813] [   10.085925] systemd[1]: Starting Coldplug All udev Devices...                                  
[2025-09-07 15:40:54.813]          Starting Coldplug All udev Devices...                                                    
[2025-09-07 15:40:54.813] [   10.148495] systemd[1]: Started RPC Bind.                                                      
[2025-09-07 15:40:54.813] [  OK  ] Started RPC Bind.                                                                        
[2025-09-07 15:40:54.814] [   10.173496] systemd[1]: Mounted Huge Pages File System.                                        
[2025-09-07 15:40:54.814] [  OK  ] Mounted Huge Pages File System.                                                          
[2025-09-07 15:40:54.814] [   10.201511] systemd[1]: Started Journal Service.                                               
[2025-09-07 15:40:54.814] [  OK  ] Started Journal Service.                                                                 
[2025-09-07 15:40:54.814] [  OK  ] Mounted POSIX Message Queue File System.                                                 
[2025-09-07 15:40:54.814] [  OK  ] Mounted Kernel Debug File System.                                                        
[2025-09-07 15:40:54.814] [  OK  ] Mounted Temporary Directory /tmp.                                                        
[2025-09-07 15:40:54.814] [  OK  ] Finished Create List of Static Device Nodes.                                             
[2025-09-07 15:40:54.814] [  OK  ] Finished Load Kernel Module configfs.                                                    
[2025-09-07 15:40:54.814] [  OK  ] Finished Load Kernel Module dm_mod.                                                      
[2025-09-07 15:40:54.814] [  OK  ] Finished Load Kernel Module drm.                                                         
[2025-09-07 15:40:54.814] [  OK  ] Finished Load Kernel Module fuse.                                                        
[2025-09-07 15:40:54.814] [  OK  ] Finished Load Kernel Module loop.                                                        
[2025-09-07 15:40:54.815] [  OK  ] Finished Load Kernel Modules.                                                            
[2025-09-07 15:40:54.815] [  OK  ] Finished Generate network units from Kernel command line.                                
[2025-09-07 15:40:54.815] [  OK  ] Finished Remount Root and Kernel File Systems.                                           
[2025-09-07 15:40:54.815] [  OK  ] Reached target Preparation for Network.                                                  
[2025-09-07 15:40:54.815]          Mounting NFSD configuration filesystem...                                                
[2025-09-07 15:40:54.815]          Mounting Kernel Configuration File System...                                             
[2025-09-07 15:40:54.815]          Starting Flush Journal to Persistent Storage...                                          
[2025-09-07 15:40:54.815]          Starting Apply Kernel Variables...                                                       
[2025-09-07 15:40:54.815]          Starting Create Static Device Nodes in /dev gracefully...                                
[2025-09-07 15:40:54.815] [  OK  ] Mounted NFSD configuration filesystem.                                                   
[2025-09-07 15:40:54.815] [   10.712578] systemd-journald[197]: Received client request to flush runtime journal.           
[2025-09-07 15:40:54.815] [  OK  ] Mounted Kernel Configuration File System.                                                
[2025-09-07 15:40:54.816] [  OK  ] Finished Flush Journal to Persistent Storage.                                            
[2025-09-07 15:40:54.816] [  OK  ] Finished Apply Kernel Variables.                                                         
[2025-09-07 15:40:54.816] [  OK  ] Finished Create Static Device Nodes in /dev gracefully.                                  
[2025-09-07 15:40:54.816]          Starting Create System Users...                                                          
[2025-09-07 15:40:54.816]          Starting User Database Manager...                                                        
[2025-09-07 15:40:54.816] [  OK  ] Started User Database Manager.                                                           
[2025-09-07 15:40:54.816] [  OK  ] Finished Create System Users.                                                            
[2025-09-07 15:40:54.816]          Starting Create Static Device Nodes in /dev...                                           
[2025-09-07 15:40:54.817] [  OK  ] Finished Create Static Device Nodes in /dev.                                             
[2025-09-07 15:40:54.817] [  OK  ] Reached target Preparation for Local File Systems.                                       
[2025-09-07 15:40:54.817]          Mounting /var/volatile...                                                                
[2025-09-07 15:40:54.817]          Starting Rule-based Manager for Device Events and Files...                               
[2025-09-07 15:40:54.817] [  OK  ] Mounted /var/volatile.                                                                   
[2025-09-07 15:40:54.817]          Starting Load/Save OS Random Seed...                                                     
[2025-09-07 15:40:54.817] [  OK  ] Reached target Local File Systems.                                                       
[2025-09-07 15:40:54.817]          Starting Rebuild Dynamic Linker Cache...                                                 
[2025-09-07 15:40:54.818]          Starting Create Volatile Files and Directories...                                        
[2025-09-07 15:40:54.818] [  OK  ] Finished Rebuild Dynamic Linker Cache.                                                   
[2025-09-07 15:40:54.818] [  OK  ] Started Rule-based Manager for Device Events and Files.                                  
[2025-09-07 15:40:54.818]          Starting Network Configuration...                                                        
[2025-09-07 15:40:54.818] [  OK  ] Finished Create Volatile Files and Directories.                                          
[2025-09-07 15:40:54.818]          Starting Rebuild Journal Catalog...                                                      
[2025-09-07 15:40:54.818]          Starting Network Name Resolution...                                                      
[2025-09-07 15:40:54.818]          Starting Network Time Synchronization...                                                 
[2025-09-07 15:40:54.818]          Starting Record System Boot/Shutdown in UTMP...                                          
[2025-09-07 15:40:54.819] [  OK  ] Finished Rebuild Journal Catalog.                                                        
[2025-09-07 15:40:54.819]          Starting Update is Completed...                                                          
[2025-09-07 15:40:54.819] [   13.060238] random: crng init done                                                             
[2025-09-07 15:40:54.819] [  OK  ] Finished Load/Save OS Random Seed.                                                       
[2025-09-07 15:40:54.819] [  OK  ] Finished Record System Boot/Shutdown in UTMP.                                            
[2025-09-07 15:40:54.819] [   13.330861] macb ff0c0000.ethernet end0: renamed from eth0                                     
[2025-09-07 15:40:54.819] [  OK  ] Finished Coldplug All udev Devices.                                                      
[2025-09-07 15:40:54.819] [  OK  ] Finished Update is Completed.                                                            
[2025-09-07 15:40:54.819] [   14.225141] cfg80211: Loading compiled-in X.509 certificates for regulatory database           
[2025-09-07 15:40:54.819] [  OK  ] Started Network Time Synchronization.                                                    
[2025-09-07 15:40:54.820] [   14.713138] Loaded X.509 cert 'sforshee: 00b28ddf47aef9cea7'                                   
[2025-09-07 15:40:54.820] [  OK  ] Started Network Name Resolution.                                                         
[2025-09-07 15:40:54.820] [   14.741480] Loaded X.509 cert 'wens: 61c038651aabdcf94bd0ac7ff06c7248db18c600'                 
[2025-09-07 15:40:54.820] [   14.749175] platform regulatory.0: Direct firmware load for regulatory.db failed with error -2 
[2025-09-07 15:40:54.820] [   14.757866] cfg80211: failed to load regulatory.db                                             
[2025-09-07 15:40:54.820] [  OK  ] Started Network Configuration.                                                           
[2025-09-07 15:40:54.820] [   16.308489] macb ff0c0000.ethernet end0: PHY [ff0c0000.ethernet-ffffffff:01] driver [Marvell 88
[2025-09-07 15:40:54.820] E1510] (irq=POLL)                                                                                 
[2025-09-07 15:40:54.820] [   16.318784] macb ff0c0000.ethernet end0: configuring for phy/rgmii-id link mode                
[2025-09-07 15:40:54.820] [   16.408458] pps pps0: new PPS source ptp0                                                      
[2025-09-07 15:40:54.820] [   16.476360] macb ff0c0000.ethernet: gem-ptp-timer ptp clock registered.                        
[2025-09-07 15:40:54.820] [  OK  ] Created slice Slice /system/systemd-fsck.                                                
[2025-09-07 15:40:54.820] [  OK  ] Reached target Network.                                                                  
[2025-09-07 15:40:54.820] [  OK  ] Reached target Host and Network Name Lookups.                                            
[2025-09-07 15:40:54.820] [  OK  ] Reached target System Time Set.                                                          
[2025-09-07 15:40:54.821] [  OK  ] Listening on Load/Save RF Kill Switch Status /dev/rfkill Watch.                          
[2025-09-07 15:40:54.821]          Starting File System Check on /dev/mmcblk1p1...                                          
[2025-09-07 15:40:54.821]          Starting File System Check on /dev/mmcblk1p2...                                          
[2025-09-07 15:40:54.821]          Starting Virtual Console Setup...                                                        
[2025-09-07 15:40:54.821] [  OK  ] Finished File System Check on /dev/mmcblk1p1.                                            
[2025-09-07 15:40:54.821]          Mounting /run/media/BOOT-mmcblk1p1...                                                    
[2025-09-07 15:40:54.821] [  OK  ] Finished File System Check on /dev/mmcblk1p2.                                            
[2025-09-07 15:40:54.821]          Mounting /run/media/ROOTFS-mmcblk1p2...                                                  
[2025-09-07 15:40:54.821] [  OK  ] Finished Virtual Console Setup.                                                          
[2025-09-07 15:40:54.821] [  OK  ] Reached target System Initialization.                                                    
[2025-09-07 15:40:54.821] [  OK  ] Started Daily Cleanup of Temporary Directories.                                          
[2025-09-07 15:40:54.821] [   19.411651] FAT-fs (mmcblk1p1): Volume was not properly unmounted. Some data may be corrupt. Pl
[2025-09-07 15:40:54.821] ease run fsck.                                                                                    
[2025-09-07 15:40:54.821] [  OK  ] Reached targe[   19.424429] FAT-fs (mmcblk1p2): Volume was not properly unmounted. Some d
[2025-09-07 15:40:54.822] ata may be corrupt. Please run fsck.                                                              
[2025-09-07 15:40:54.822] t Timer Units.                                                                                    
[2025-09-07 15:40:54.822] [  OK  ] Listening on D-Bus System Message Bus Socket.                                            
[2025-09-07 15:40:54.822] [  OK  ] Listening on dropbear.socket.                                                            
[2025-09-07 15:40:54.822] [  OK  ] Reached target Socket Units.                                                             
[2025-09-07 15:40:54.822] [  OK  ] Reached target Basic System.                                                             
[2025-09-07 15:40:54.822] [  OK  ] Started Kernel Logging Service.                                                          
[2025-09-07 15:40:54.822] [  OK  ] Started System Logging Service.                                                          
[2025-09-07 15:40:54.822]          Starting D-Bus System Message Bus...                                                     
[2025-09-07 15:40:54.822]          Starting User Login Management...                                                        
[2025-09-07 15:40:54.822]          Starting Permit User Sessions...                                                         
[2025-09-07 15:40:54.822]          Starting Target Communication Framework agent...                                         
[2025-09-07 15:40:54.822] [  OK  ] Started D-Bus System Message Bus.                                                        
[2025-09-07 15:40:54.823] [  OK  ] Mounted /run/media/BOOT-mmcblk1p1.                                                       
[2025-09-07 15:40:54.823] [  OK  ] Mounted /run/media/ROOTFS-mmcblk1p2.                                                     
[2025-09-07 15:40:54.823] [  OK  ] Finished Permit User Sessions.                                                           
[2025-09-07 15:40:54.823] [  OK  ] Started Target Communication Framework agent.                                            
[2025-09-07 15:40:54.823] [  OK  ] Started Getty on tty1.                                                                   
[2025-09-07 15:40:54.823] [  OK  ] Started Serial Getty on ttyAMA0.                                                         
[2025-09-07 15:40:54.823] [  OK  ] Reached target Login Prompts.                                                            
[2025-09-07 15:40:54.823] [  OK  ] Started User Login Management.                                                           
[2025-09-07 15:40:54.823] [  OK  ] Reached target Multi-User System.                                                        
[2025-09-07 15:40:54.823]          Starting Record Runlevel Change in UTMP...                                               
[2025-09-07 15:40:54.823] [  OK  ] Finished Record Runlevel Change in UTMP.                                                 
[2025-09-07 15:40:54.823]                                                                                                   
[2025-09-07 15:40:54.823] ********************************************************************************************      
[2025-09-07 15:40:54.824] The PetaLinux source code and images provided/generated are for demonstration purposes only.      
[2025-09-07 15:40:54.824] Please refer to https://xilinx-wiki.atlassian.net/wiki/spaces/A/pages/2741928025/Moving+from+PetaL
[2025-09-07 15:40:54.824] inux+to+Production+Deployment                                                                     
[2025-09-07 15:40:54.824] for more details.                                                                                 
[2025-09-07 15:40:54.824] ********************************************************************************************      
[2025-09-07 15:40:54.824] PetaLinux 2024.2+release-S11061705 Trenz ttyAMA0                                                  
[2025-09-07 15:40:54.824]                                                                                                   
[2025-09-07 15:40:54.824] Trenz login: root (automatic login)                                                               
[2025-09-07 15:40:54.824]                                                                                                   
[2025-09-07 15:40:54.824] [   20.446083] audit: type=1006 audit(1709054776.132:2): pid=691 uid=0 old-auid=4294967295 auid=0 
[2025-09-07 15:40:54.824] tty=(none) old-ses=4294967295 ses=1 res=1                                                         
[2025-09-07 15:40:54.824] [   20.458436] audit: type=1300 audit(1709054776.132:2): arch=c00000b7 syscall=64 success=yes exit
[2025-09-07 15:40:54.825] =1 a0=8 a1=ffffea80d970 a2=1 a3=1 items=0 ppid=1 pid=691 auid=0 uid=0 gid=0 euid=0 suid=0 fsuid=0 
